==================================================
  🔍 SIGMA ACTIVE EXPLORATION ENGINE             
==================================================

--- Chu trình khám phá #1 ---
📊 Phát hiện 0 lỗ hổng tri thức mới
💡 Sinh 0 giả thuyết mới

📈 Hiệu suất khám phá: 0%

--- Chu trình khám phá #2 ---
📊 Phát hiện 0 lỗ hổng tri thức mới
💡 Sinh 0 giả thuyết mới

📈 Hiệu suất khám phá: 0%

--- Chu trình khám phá #3 ---
📊 Phát hiện 0 lỗ hổng tri thức mới
💡 Sinh 0 giả thuyết mới

📈 Hiệu suất khám phá: 0%

--- Chu trình khám phá #4 ---
📊 Phát hiện 0 lỗ hổng tri thức mới
💡 Sinh 0 giả thuyết mới

📈 Hiệu suất khám phá: 0%

--- Chu trình khám phá #5 ---
📊 Phát hiện 0 lỗ hổng tri thức mới
💡 Sinh 0 giả thuyết mới

📈 Hiệu suất khám phá: 0%

--- Chu trình khám phá #6 ---
📊 Phát hiện 0 lỗ hổng tri thức mới
💡 Sinh 0 giả thuyết mới

📈 Hiệu suất khám phá: 0%

==================================================
📊 TỔNG KẾT:
   • Tổng giả thuyết: 0
   • Xác nhận: 0
   • Bác bỏ: 0
   • Tỷ lệ thành công: 0%
