2026-08-13 22:15:27,686 - INFO - [SIGMA_CORE] INIT OK
2026-08-13 22:15:27,686 - INFO - [SIGMA_CORE] Ký ức: 3, Bài học: 2
2026-08-13 22:15:27,686 - INFO - [SIGMA_CORE] Năng lượng: đầy đủ, Tự tin: 0.82, Tâm trạng: hopeful
2026-08-13 22:15:28,003 - INFO - Đã khởi tạo Git repository
2026-08-13 22:15:28,181 - INFO - Chưa có remote nào, bỏ qua push
2026-08-13 22:22:33,909 - INFO - [SIGMA_CORE] INIT OK
2026-08-13 22:22:33,909 - INFO - [SIGMA_CORE] Ký ức: 3, Bài học: 2
2026-08-13 22:22:33,909 - INFO - [SIGMA_CORE] Năng lượng: đầy đủ, Tự tin: 0.82, Tâm trạng: hopeful
2026-08-13 22:22:33,967 - INFO - Chưa có remote nào, bỏ qua push
2026-08-13 22:23:22,443 - INFO - Daemon đang chạy với PID 17996
2026-08-13 22:23:22,444 - INFO - Trạng thái: 
2026-08-13 22:26:09,265 - INFO - [SIGMA_CORE] INIT OK
2026-08-13 22:26:09,265 - INFO - [SIGMA_CORE] Ký ức: 5, Bài học: 3
2026-08-13 22:26:09,265 - INFO - [SIGMA_CORE] Năng lượng: đầy đủ, Tự tin: 0.83, Tâm trạng: hopeful
2026-08-13 22:26:09,324 - INFO - Chưa có remote nào, bỏ qua push
2026-08-13 22:26:38,432 - WARNING - Daemon đang chạy! Dùng 'stop' trước.
2026-08-13 22:26:57,631 - INFO - Daemon đang chạy với PID 17996
2026-08-13 22:26:57,631 - INFO - Trạng thái: 
2026-08-13 22:30:37,383 - INFO - Daemon đang chạy với PID 17996
2026-08-13 22:30:37,384 - INFO - Trạng thái: 2026-08-13T15:28:06.367071+00:00
